{
    "homo sapiens - stub": {
        "content": [
            {
                "0": [
                    
                ],
                "1": [
                    
                ],
                "2": [
                    
                ],
                "3": [
                    
                ],
                "4": [
                    
                ],
                "5": [
                    
                ],
                "6": [
                    
                ],
                "bed": [
                    
                ],
                "karyotype": [
                    
                ],
                "spc": [
                    
                ],
                "tbi": [
                    
                ],
                "vcf": [
                    
                ],
                "versions": [
                    
                ],
                "windows_stats": [
                    
                ]
            }
        ],
        "meta": {
            "nf-test": "0.9.2",
            "nextflow": "24.10.4"
        },
        "timestamp": "2025-03-17T17:43:35.198369333"
    },
    "homo sapiens - [summary, bed, vcf, tbi]": {
        "content": [
            {
                "0": [
                    
                ],
                "1": [
                    
                ],
                "2": [
                    
                ],
                "3": [
                    
                ],
                "4": [
                    
                ],
                "5": [
                    
                ],
                "6": [
                    
                ],
                "bed": [
                    
                ],
                "karyotype": [
                    
                ],
                "spc": [
                    
                ],
                "tbi": [
                    
                ],
                "vcf": [
                    
                ],
                "versions": [
                    
                ],
                "windows_stats": [
                    
                ]
            }
        ],
        "meta": {
            "nf-test": "0.9.2",
            "nextflow": "24.10.4"
        },
        "timestamp": "2025-03-17T17:40:31.628001445"
    }
}